╭──────────────────────────────────────╮
│   [ ] Review pull request          ! │
│       Review and approve the         │
│       authentication module          │
│       changes.                       │
│         Due                Backend   │
│          2025-12-15T17:0…            │
╰──────────────────────────────────────╯
