╭──────────────────────────────────────────────────────────╮
│   [ ] Review pull request                              ! │
│       Review and approve the authentication module       │
│       changes.                                           │
│         Due  2025-12-15T17:00:00Z  Backend               │
╰──────────────────────────────────────────────────────────╯
